// Jest Snapshot v1, https://goo.gl/fbAQLP

exports[`renders RouteEditor without crashing 1`] = `
ShallowWrapper {
  Symbol(enzyme.__root__): [Circular],
  Symbol(enzyme.__unrendered__): <RouteEditor />,
  Symbol(enzyme.__renderer__): Object {
    "batchedUpdates": [Function],
    "checkPropTypes": [Function],
    "getNode": [Function],
    "render": [Function],
    "simulateError": [Function],
    "simulateEvent": [Function],
    "unmount": [Function],
  },
  Symbol(enzyme.__node__): Object {
    "instance": null,
    "key": undefined,
    "nodeType": "host",
    "props": Object {
      "children": <withScriptjs(withGoogleMap(lifecycle(Component)))
        containerElement={
          <div
            style={
              Object {
                "height": "300px",
                "width": "100%",
              }
            }
          />
        }
        googleMapURL="https://maps.googleapis.com/maps/api/js?key=AIzaSyDGe5vjL8wBmilLzoJ0jNIwe9SAuH2xS_0&libraries=places"
        loadingElement={
          <div
            style={
              Object {
                "height": "100%",
              }
            }
          />
        }
        mapElement={
          <div
            style={
              Object {
                "height": "100%",
              }
            }
          />
        }
      />,
    },
    "ref": null,
    "rendered": Object {
      "instance": null,
      "key": undefined,
      "nodeType": "class",
      "props": Object {
        "containerElement": <div
          style={
            Object {
              "height": "300px",
              "width": "100%",
            }
          }
        />,
        "googleMapURL": "https://maps.googleapis.com/maps/api/js?key=AIzaSyDGe5vjL8wBmilLzoJ0jNIwe9SAuH2xS_0&libraries=places",
        "loadingElement": <div
          style={
            Object {
              "height": "100%",
            }
          }
        />,
        "mapElement": <div
          style={
            Object {
              "height": "100%",
            }
          }
        />,
      },
      "ref": null,
      "rendered": null,
      "type": [Function],
    },
    "type": "div",
  },
  Symbol(enzyme.__nodes__): Array [
    Object {
      "instance": null,
      "key": undefined,
      "nodeType": "host",
      "props": Object {
        "children": <withScriptjs(withGoogleMap(lifecycle(Component)))
          containerElement={
            <div
              style={
                Object {
                  "height": "300px",
                  "width": "100%",
                }
              }
            />
          }
          googleMapURL="https://maps.googleapis.com/maps/api/js?key=AIzaSyDGe5vjL8wBmilLzoJ0jNIwe9SAuH2xS_0&libraries=places"
          loadingElement={
            <div
              style={
                Object {
                  "height": "100%",
                }
              }
            />
          }
          mapElement={
            <div
              style={
                Object {
                  "height": "100%",
                }
              }
            />
          }
        />,
      },
      "ref": null,
      "rendered": Object {
        "instance": null,
        "key": undefined,
        "nodeType": "class",
        "props": Object {
          "containerElement": <div
            style={
              Object {
                "height": "300px",
                "width": "100%",
              }
            }
          />,
          "googleMapURL": "https://maps.googleapis.com/maps/api/js?key=AIzaSyDGe5vjL8wBmilLzoJ0jNIwe9SAuH2xS_0&libraries=places",
          "loadingElement": <div
            style={
              Object {
                "height": "100%",
              }
            }
          />,
          "mapElement": <div
            style={
              Object {
                "height": "100%",
              }
            }
          />,
        },
        "ref": null,
        "rendered": null,
        "type": [Function],
      },
      "type": "div",
    },
  ],
  Symbol(enzyme.__options__): Object {
    "adapter": ReactSixteenAdapter {
      "options": Object {
        "enableComponentDidUpdateOnSetState": true,
        "legacyContextMode": "parent",
        "lifecycles": Object {
          "componentDidUpdate": Object {
            "onSetState": true,
          },
          "getChildContext": Object {
            "calledByRenderer": false,
          },
          "getDerivedStateFromProps": true,
          "getSnapshotBeforeUpdate": true,
          "setState": Object {
            "skipsComponentDidUpdateOnNullish": true,
          },
        },
      },
    },
  },
}
`;

exports[`renders SortableContainer without crashing 1`] = `
ShallowWrapper {
  Symbol(enzyme.__root__): [Circular],
  Symbol(enzyme.__unrendered__): <RouteEditor />,
  Symbol(enzyme.__renderer__): Object {
    "batchedUpdates": [Function],
    "checkPropTypes": [Function],
    "getNode": [Function],
    "render": [Function],
    "simulateError": [Function],
    "simulateEvent": [Function],
    "unmount": [Function],
  },
  Symbol(enzyme.__node__): Object {
    "instance": null,
    "key": undefined,
    "nodeType": "host",
    "props": Object {
      "children": <withScriptjs(withGoogleMap(lifecycle(Component)))
        containerElement={
          <div
            style={
              Object {
                "height": "300px",
                "width": "100%",
              }
            }
          />
        }
        googleMapURL="https://maps.googleapis.com/maps/api/js?key=AIzaSyDGe5vjL8wBmilLzoJ0jNIwe9SAuH2xS_0&libraries=places"
        loadingElement={
          <div
            style={
              Object {
                "height": "100%",
              }
            }
          />
        }
        mapElement={
          <div
            style={
              Object {
                "height": "100%",
              }
            }
          />
        }
      />,
    },
    "ref": null,
    "rendered": Object {
      "instance": null,
      "key": undefined,
      "nodeType": "class",
      "props": Object {
        "containerElement": <div
          style={
            Object {
              "height": "300px",
              "width": "100%",
            }
          }
        />,
        "googleMapURL": "https://maps.googleapis.com/maps/api/js?key=AIzaSyDGe5vjL8wBmilLzoJ0jNIwe9SAuH2xS_0&libraries=places",
        "loadingElement": <div
          style={
            Object {
              "height": "100%",
            }
          }
        />,
        "mapElement": <div
          style={
            Object {
              "height": "100%",
            }
          }
        />,
      },
      "ref": null,
      "rendered": null,
      "type": [Function],
    },
    "type": "div",
  },
  Symbol(enzyme.__nodes__): Array [
    Object {
      "instance": null,
      "key": undefined,
      "nodeType": "host",
      "props": Object {
        "children": <withScriptjs(withGoogleMap(lifecycle(Component)))
          containerElement={
            <div
              style={
                Object {
                  "height": "300px",
                  "width": "100%",
                }
              }
            />
          }
          googleMapURL="https://maps.googleapis.com/maps/api/js?key=AIzaSyDGe5vjL8wBmilLzoJ0jNIwe9SAuH2xS_0&libraries=places"
          loadingElement={
            <div
              style={
                Object {
                  "height": "100%",
                }
              }
            />
          }
          mapElement={
            <div
              style={
                Object {
                  "height": "100%",
                }
              }
            />
          }
        />,
      },
      "ref": null,
      "rendered": Object {
        "instance": null,
        "key": undefined,
        "nodeType": "class",
        "props": Object {
          "containerElement": <div
            style={
              Object {
                "height": "300px",
                "width": "100%",
              }
            }
          />,
          "googleMapURL": "https://maps.googleapis.com/maps/api/js?key=AIzaSyDGe5vjL8wBmilLzoJ0jNIwe9SAuH2xS_0&libraries=places",
          "loadingElement": <div
            style={
              Object {
                "height": "100%",
              }
            }
          />,
          "mapElement": <div
            style={
              Object {
                "height": "100%",
              }
            }
          />,
        },
        "ref": null,
        "rendered": null,
        "type": [Function],
      },
      "type": "div",
    },
  ],
  Symbol(enzyme.__options__): Object {
    "adapter": ReactSixteenAdapter {
      "options": Object {
        "enableComponentDidUpdateOnSetState": true,
        "legacyContextMode": "parent",
        "lifecycles": Object {
          "componentDidUpdate": Object {
            "onSetState": true,
          },
          "getChildContext": Object {
            "calledByRenderer": false,
          },
          "getDerivedStateFromProps": true,
          "getSnapshotBeforeUpdate": true,
          "setState": Object {
            "skipsComponentDidUpdateOnNullish": true,
          },
        },
      },
    },
  },
}
`;

exports[`renders SortableItem without crashing 1`] = `
ShallowWrapper {
  Symbol(enzyme.__root__): [Circular],
  Symbol(enzyme.__unrendered__): <RouteEditor />,
  Symbol(enzyme.__renderer__): Object {
    "batchedUpdates": [Function],
    "checkPropTypes": [Function],
    "getNode": [Function],
    "render": [Function],
    "simulateError": [Function],
    "simulateEvent": [Function],
    "unmount": [Function],
  },
  Symbol(enzyme.__node__): Object {
    "instance": null,
    "key": undefined,
    "nodeType": "host",
    "props": Object {
      "children": <withScriptjs(withGoogleMap(lifecycle(Component)))
        containerElement={
          <div
            style={
              Object {
                "height": "300px",
                "width": "100%",
              }
            }
          />
        }
        googleMapURL="https://maps.googleapis.com/maps/api/js?key=AIzaSyDGe5vjL8wBmilLzoJ0jNIwe9SAuH2xS_0&libraries=places"
        loadingElement={
          <div
            style={
              Object {
                "height": "100%",
              }
            }
          />
        }
        mapElement={
          <div
            style={
              Object {
                "height": "100%",
              }
            }
          />
        }
      />,
    },
    "ref": null,
    "rendered": Object {
      "instance": null,
      "key": undefined,
      "nodeType": "class",
      "props": Object {
        "containerElement": <div
          style={
            Object {
              "height": "300px",
              "width": "100%",
            }
          }
        />,
        "googleMapURL": "https://maps.googleapis.com/maps/api/js?key=AIzaSyDGe5vjL8wBmilLzoJ0jNIwe9SAuH2xS_0&libraries=places",
        "loadingElement": <div
          style={
            Object {
              "height": "100%",
            }
          }
        />,
        "mapElement": <div
          style={
            Object {
              "height": "100%",
            }
          }
        />,
      },
      "ref": null,
      "rendered": null,
      "type": [Function],
    },
    "type": "div",
  },
  Symbol(enzyme.__nodes__): Array [
    Object {
      "instance": null,
      "key": undefined,
      "nodeType": "host",
      "props": Object {
        "children": <withScriptjs(withGoogleMap(lifecycle(Component)))
          containerElement={
            <div
              style={
                Object {
                  "height": "300px",
                  "width": "100%",
                }
              }
            />
          }
          googleMapURL="https://maps.googleapis.com/maps/api/js?key=AIzaSyDGe5vjL8wBmilLzoJ0jNIwe9SAuH2xS_0&libraries=places"
          loadingElement={
            <div
              style={
                Object {
                  "height": "100%",
                }
              }
            />
          }
          mapElement={
            <div
              style={
                Object {
                  "height": "100%",
                }
              }
            />
          }
        />,
      },
      "ref": null,
      "rendered": Object {
        "instance": null,
        "key": undefined,
        "nodeType": "class",
        "props": Object {
          "containerElement": <div
            style={
              Object {
                "height": "300px",
                "width": "100%",
              }
            }
          />,
          "googleMapURL": "https://maps.googleapis.com/maps/api/js?key=AIzaSyDGe5vjL8wBmilLzoJ0jNIwe9SAuH2xS_0&libraries=places",
          "loadingElement": <div
            style={
              Object {
                "height": "100%",
              }
            }
          />,
          "mapElement": <div
            style={
              Object {
                "height": "100%",
              }
            }
          />,
        },
        "ref": null,
        "rendered": null,
        "type": [Function],
      },
      "type": "div",
    },
  ],
  Symbol(enzyme.__options__): Object {
    "adapter": ReactSixteenAdapter {
      "options": Object {
        "enableComponentDidUpdateOnSetState": true,
        "legacyContextMode": "parent",
        "lifecycles": Object {
          "componentDidUpdate": Object {
            "onSetState": true,
          },
          "getChildContext": Object {
            "calledByRenderer": false,
          },
          "getDerivedStateFromProps": true,
          "getSnapshotBeforeUpdate": true,
          "setState": Object {
            "skipsComponentDidUpdateOnNullish": true,
          },
        },
      },
    },
  },
}
`;
